MQ2(EqMac).sln
makezip.bat
mkplugin.exe
MQ2-API.chm
MQ2Auth.exe
MQ2Plugin.h
MQ2PluginDevelopment.html
zipit.lst
Blech\Blech.h
Detours\Detours from Microsoft.url
Detours\inc
Detours\lib
Detours\lib60
Detours\inc\detours.h
Detours\lib\detours.lib
Detours\lib\detours.pdb
Detours\lib60\detours.lib
Detours\lib60\detours.pdb
dxsdk81\include
dxsdk81\readme.txt
dxsdk81\include\dinput.h
dxsdk90\include
dxsdk90\readme.txt
dxsdk90\include\dinput.h
mkplugin\mkplugin.cpp
mkplugin\mkplugin.vcproj
MQ2Bzsrch\MQ2Bzsrch.cpp
MQ2Bzsrch\MQ2Bzsrch.dsp
MQ2Bzsrch\MQ2Bzsrch.vcproj
MQ2Bzsrch\MQ2Bzsrch.vcxproj
MQ2Bzsrch\MQ2Bzsrch.vcxproj.filters
MQ2Bzsrch\netstream.cpp
MQ2Bzsrch\netstream.h
MQ2Chat\MQ2Chat.cpp
MQ2Chat\MQ2Chat.dep
MQ2Chat\MQ2Chat.dsp
MQ2Chat\MQ2Chat.mak
MQ2Chat\MQ2Chat.vcproj
MQ2ChatWnd\MQ2ChatWnd.cpp
MQ2ChatWnd\MQ2ChatWnd.dep
MQ2ChatWnd\MQ2ChatWnd.dsp
MQ2ChatWnd\MQ2ChatWnd.mak
MQ2ChatWnd\MQ2ChatWnd.vcproj
MQ2ChatWnd\MQ2ChatWnd.vcxproj
MQ2ChatWnd\MQ2ChatWnd.vcxproj.filters
MQ2CustomBinds\MQ2CustomBinds.cpp
MQ2CustomBinds\MQ2CustomBinds.dep
MQ2CustomBinds\MQ2CustomBinds.dsp
MQ2CustomBinds\MQ2CustomBinds.mak
MQ2CustomBinds\MQ2CustomBinds.vcproj
MQ2CustomBinds\MQ2CustomBinds.vcxproj
MQ2CustomBinds\MQ2CustomBinds.vcxproj.filters
MQ2EQBugFix\MQ2EQBugFix.cpp
MQ2EQBugFix\MQ2EQBugFix.dep
MQ2EQBugFix\MQ2EQBugFix.dsp
MQ2EQBugFix\MQ2EQBugFix.mak
MQ2EQBugFix\MQ2EQBugFix.vcproj
MQ2EQBugFix\MQ2EQBugFix.vcxproj
MQ2EQBugFix\MQ2EQBugFix.vcxproj.filters
MQ2EQIM\MQ2EQIM.cpp
MQ2EQIM\MQ2EQIM.dep
MQ2EQIM\MQ2EQIM.dsp
MQ2EQIM\MQ2EQIM.mak
MQ2EQIM\MQ2EQIM.vcproj
MQ2Ext\exts.c
MQ2Ext\exts2.cpp
MQ2Ext\MQ2Ext.vcproj
MQ2Ext\mqext.c
MQ2Ext\mqext.def
MQ2Ext\mqext.h
MQ2Ext\mqext.rc
MQ2Ext\resource.h
MQ2Ext\test.cpp
MQ2Ext\WDbgExts.h
MQ2HUD\MQ2HUD.cpp
MQ2HUD\MQ2HUD.dep
MQ2HUD\MQ2HUD.dsp
MQ2HUD\MQ2HUD.mak
MQ2HUD\MQ2HUD.vcproj
MQ2HUD\MQ2HUD.vcxproj
MQ2HUD\MQ2HUD.vcxproj.filters
MQ2Irc\MQ2Irc.cpp
MQ2Irc\MQ2Irc.dep
MQ2Irc\MQ2Irc.dsp
MQ2Irc\MQ2Irc.mak
MQ2Irc\MQ2Irc.vcproj
MQ2Irc\mqirc.h
MQ2ItemDisplay\MQ2ItemDisplay.cpp
MQ2ItemDisplay\MQ2ItemDisplay.dep
MQ2ItemDisplay\MQ2ItemDisplay.dsp
MQ2ItemDisplay\MQ2ItemDisplay.mak
MQ2ItemDisplay\MQ2ItemDisplay.vcproj
MQ2ItemDisplay\MQ2ItemDisplay.vcxproj
MQ2ItemDisplay\MQ2ItemDisplay.vcxproj.filters
MQ2Labels\MQ2Labels.cpp
MQ2Labels\MQ2Labels.dep
MQ2Labels\MQ2Labels.dsp
MQ2Labels\MQ2Labels.mak
MQ2Labels\MQ2Labels.vcproj
MQ2Labels\MQ2Labels.vcxproj
MQ2Labels\MQ2Labels.vcxproj.filters
MQ2Main\combines.h
MQ2Main\dikeys.h
MQ2Main\EQClasses.cpp
MQ2Main\EQClasses.h
MQ2Main\EQData.h
MQ2Main\eqgame.h
MQ2Main\EQUIStructs.h
MQ2Main\grounds.h
MQ2Main\itemtypes.h
MQ2Main\makefile
MQ2Main\memtest
MQ2Main\MQ2Auth.cpp
MQ2Main\MQ2Benchmarks.cpp
MQ2Main\MQ2ChatHook.cpp
MQ2Main\MQ2CleanUI.cpp
MQ2Main\MQ2CommandAPI.cpp
MQ2Main\MQ2Commands.cpp
MQ2Main\MQ2Data.cpp
MQ2Main\MQ2DataAPI.cpp
MQ2Main\MQ2DataTypes.cpp
MQ2Main\MQ2DataTypes.h
MQ2Main\MQ2DataVars.cpp
MQ2Main\MQ2DetourAPI.cpp
MQ2Main\MQ2DInput.cpp
MQ2Main\MQ2Globals.cpp
MQ2Main\MQ2Globals.h
MQ2Main\MQ2Inlines.h
MQ2Main\MQ2Internal.h
MQ2Main\MQ2KeyBinds.cpp
MQ2Main\MQ2MacroCommands.cpp
MQ2Main\MQ2Main.cpp
MQ2Main\MQ2Main.dep
MQ2Main\MQ2Main.dsp
MQ2Main\MQ2Main.h
MQ2Main\MQ2Main.mak
MQ2Main\MQ2Main.vcproj
MQ2Main\MQ2Main.vcxproj
MQ2Main\MQ2Main.vcxproj.filters
MQ2Main\MQ2Mouse.cpp
MQ2Main\MQ2ParseAPI.cpp
MQ2Main\MQ2PluginHandler.cpp
MQ2Main\MQ2Prototypes.h
MQ2Main\MQ2Pulse.cpp
MQ2Main\MQ2Spawns.cpp
MQ2Main\MQ2Utilities.cpp
MQ2Main\MQ2Windows.cpp
MQ2Main\skills.h
MQ2Main\weapons.h
MQ2Main\memtest\makefile
MQ2Map\MQ2Map.cpp
MQ2Map\MQ2Map.dep
MQ2Map\MQ2Map.dsp
MQ2Map\MQ2Map.h
MQ2Map\MQ2Map.mak
MQ2Map\MQ2Map.vcproj
MQ2Map\MQ2MapAPI.cpp
MQ2Map\MQ2MapCommands.cpp
MQ2MapWnd\CEditLabelWnd.asm
MQ2MapWnd\CMapToolbarWnd.asm
MQ2MapWnd\CMapViewWnd.asm
MQ2MapWnd\DX8_Util.asm
MQ2MapWnd\makefile
MQ2MapWnd\MQ2MapWnd.cpp
MQ2MapWnd\MQ2MapWnd.dep
MQ2MapWnd\MQ2MapWnd.dsp
MQ2MapWnd\MQ2MapWnd.mak
MQ2MapWnd\MQ2MapWnd.rc
MQ2MapWnd\MQ2MapWnd.vcproj
MQ2MapWnd\MQ2MapWnd.vcxproj
MQ2MapWnd\MQ2MapWnd.vcxproj.filters
MQ2MapWnd\resource.h
MQ2MapWnd\Resources\cart01.tga
MQ2MapWnd\Resources\cart02.tga
MQ2MapWnd\Resources\cart03.tga
MQ2MapWnd\Resources\cart04.tga
MQ2MapWnd\Resources\eqstr_en.txt
MQ2MapWnd\Resources\EQUI.xml
MQ2MapWnd\Resources\EQUI_BugReportWnd.xml
MQ2MapWnd\Resources\EQUI_EditLabelWnd.xml
MQ2MapWnd\Resources\EQUI_MapToolbarWnd.xml
MQ2MapWnd\Resources\EQUI_MapViewWnd.xml
MQ2MapWnd\Resources\window_pieces04.tga
MQ2MoveUtils\makefile
MQ2MoveUtils\MQ2MoveUtils.cpp
MQ2MoveUtils\MQ2MoveUtils.dep
MQ2MoveUtils\MQ2MoveUtils.mak
MQ2MoveUtils\MQ2MoveUtils.dsp
MQ2MoveUtils\MQ2MoveUtils.vcproj
MQ2MoveUtils\MQ2MoveUtils.vcxproj
MQ2MoveUtils\MQ2MoveUtils.vcxproj.filters
MQ2SpellMenu\makefile
MQ2SpellMenu\MQ2SpellMenu.cpp
MQ2SpellMenu\MQ2SpellMenu.dep
MQ2SpellMenu\MQ2SpellMenu.dsp
MQ2SpellMenu\MQ2SpellMenu.mak
MQ2SpellMenu\MQ2SpellMenu.vcproj
MQ2SpellMenu\MQ2SpellMenu.vcxproj
MQ2SpellMenu\MQ2SpellMenu.vcxproj.filters
MQ2SpellMenu\MQ2SpellMenu.vcxproj.user
MQ2SpellMenu\SpellCategories.h
mq2telnet\mq2telnet.cpp
mq2telnet\mq2telnet.dep
mq2telnet\mq2telnet.dsp
mq2telnet\mq2telnet.mak
mq2telnet\mq2telnet.vcproj
mq2telnet\Telnet.h
mq2telnet\TelnetServer.cpp
mq2telnet\TelnetServer.h
mq2telnet\WinTelnet.cpp
mq2telnet\WinTelnet.h
MQ2Template\MQ2Template.cpp
MQ2Template\MQ2Template.dep
MQ2Template\MQ2Template.dsp
MQ2Template\MQ2Template.mak
MQ2Template\MQ2Template.vcproj
MQ2Template\ReadMe.txt
Release\bmpwad8.s3d
Release\Changes.txt
Release\GPL.txt
Release\ItemDB.txt
Release\locations.txt
Release\MacroQuest.ini
Release\MacroQuest2.exe
Release\Macros\ArrayTest.mac
Release\Macros\Arrows.mac
Release\Macros\Cams.mac
Release\Macros\DoorTests.mac
Release\Macros\EventTest.mac
Release\Macros\Fish.mac
Release\Macros\Follow.mac
Release\Macros\Info.mac
Release\Macros\Inventory.mac
Release\Macros\Paeala.mac
Release\Macros\practice.mac
Release\Macros\move.inc
Release\Macros\movetest.mac
Release\Macros\RandFollow.mac
Release\Macros\routines.mac
Release\Macros\ShowBonuses.mac
Release\Macros\TestNewStuff.mac
Release\Macros\uservarstest.mac